exports[`ui/scenes/Left snapshot test 1`] = `
<View
  style={
    Object {
      "alignItems": "center",
      "backgroundColor": "#c51162",
      "flex": 1,
      "justifyContent": "center",
    }
  } />
`;
